I'm sorry, but errors were detected in your script. Please correct the
errors listed below, and try again.


File "game/script.rpy", line 25: expected 'image_name_component' not found.
    show "Girl neutral.png" with Dissolve
         ^

Ren'Py Version: Ren'Py 8.1.2.23090503
Fri Nov 10 07:15:13 2023
